** Drc report for nova_pcb_v6_logic.kicad_pcb **
** Created on 2026-06-05T13:09:37-0700 **

** Found 1 DRC violations **
[invalid_outline]: Board has malformed outline (no edges found on Edge.Cuts layer)
    Local override; error
    @(0.0000 mm, 0.0000 mm): PCB

** Found 41 unconnected pads **
[unconnected_items]: Missing connection between items
    Local override; error
    @(109.5450 mm, 100.6600 mm): Pad 2 [/05 Bus Integrity/BUS_FILT] of R1 on F.Cu
    @(111.1575 mm, 103.1700 mm): Pad 1 [/05 Bus Integrity/BUS_FILT] of FB1 on F.Cu
[unconnected_items]: Missing connection between items
    Local override; error
    @(109.5825 mm, 103.1700 mm): Pad 2 [BUS_SERVO] of FB1 on F.Cu
    @(128.5250 mm, 93.2200 mm): PTH pad 6 [BUS_SERVO] of J20
[unconnected_items]: Missing connection between items
    Local override; error
    @(111.0000 mm, 130.4700 mm): PTH pad 2 [GND] of J11
    @(119.0100 mm, 146.5700 mm): PTH pad 29 [GND] of U12
[unconnected_items]: Missing connection between items
    Local override; error
    @(119.0100 mm, 146.5700 mm): PTH pad 29 [GND] of U12
    @(114.6800 mm, 151.3900 mm): PTH pad 1 [GND] of J10
[unconnected_items]: Missing connection between items
    Local override; error
    @(119.0100 mm, 146.5700 mm): PTH pad 29 [GND] of U12
    @(134.2500 mm, 141.4900 mm): PTH pad 4 [GND] of U12
[unconnected_items]: Missing connection between items
    Local override; error
    @(128.5250 mm, 85.6000 mm): PTH pad 12 [GND] of J20
    @(128.5250 mm, 88.1400 mm): PTH pad 10 [GND] of J20
[unconnected_items]: Missing connection between items
    Local override; error
    @(128.5250 mm, 88.1400 mm): PTH pad 10 [GND] of J20
    @(128.5250 mm, 95.7600 mm): PTH pad 4 [GND] of J20
[unconnected_items]: Missing connection between items
    Local override; error
    @(128.5250 mm, 95.7600 mm): PTH pad 4 [GND] of J20
    @(131.0650 mm, 95.7600 mm): PTH pad 3 [GND] of J20
[unconnected_items]: Missing connection between items
    Local override; error
    @(131.0650 mm, 85.6000 mm): PTH pad 11 [GND] of J20
    @(128.5250 mm, 85.6000 mm): PTH pad 12 [GND] of J20
[unconnected_items]: Missing connection between items
    Local override; error
    @(131.0650 mm, 95.7600 mm): PTH pad 3 [GND] of J20
    @(144.4600 mm, 131.3700 mm): PTH pad 1 [GND] of J9
[unconnected_items]: Missing connection between items
    Local override; error
    @(134.2500 mm, 141.4900 mm): PTH pad 4 [GND] of U12
    @(140.0550 mm, 145.8950 mm): Pad 9 [GND] of U7 on F.Cu
[unconnected_items]: Missing connection between items
    Local override; error
    @(140.0550 mm, 145.8950 mm): Pad 9 [GND] of U7 on F.Cu
    @(145.0050 mm, 144.6250 mm): Pad 7 [GND] of U7 on F.Cu
[unconnected_items]: Missing connection between items
    Local override; error
    @(140.0550 mm, 149.7050 mm): Pad 12 [GND] of U7 on F.Cu
    @(140.0550 mm, 145.8950 mm): Pad 9 [GND] of U7 on F.Cu
[unconnected_items]: Missing connection between items
    Local override; error
    @(145.0050 mm, 144.6250 mm): Pad 7 [GND] of U7 on F.Cu
    @(148.7950 mm, 146.8250 mm): PTH pad 2 [GND] of U6
[unconnected_items]: Missing connection between items
    Local override; error
    @(145.0050 mm, 144.6250 mm): Pad 7 [GND] of U7 on F.Cu
    @(144.4600 mm, 131.3700 mm): PTH pad 1 [GND] of J9
[unconnected_items]: Missing connection between items
    Local override; error
    @(164.0350 mm, 149.3650 mm): PTH pad 2 [GND] of U6
    @(148.7950 mm, 146.8250 mm): PTH pad 2 [GND] of U6
[unconnected_items]: Missing connection between items
    Local override; error
    @(144.4600 mm, 128.8300 mm): PTH pad 2 [/04 Bus Master (Pattern B)/MASTER_A] of J9
    @(144.4600 mm, 141.0400 mm): PTH pad 1 [/04 Bus Master (Pattern B)/MASTER_A] of JP1
[unconnected_items]: Missing connection between items
    Local override; error
    @(114.6800 mm, 148.8500 mm): PTH pad 2 [/07 Aux MCU + Peripherals/NANO_3V3] of J10
    @(119.0100 mm, 116.0900 mm): PTH pad 17 [/07 Aux MCU + Peripherals/NANO_3V3] of U12
[unconnected_items]: Missing connection between items
    Local override; error
    @(114.6800 mm, 141.2300 mm): PTH pad 5 [/07 Aux MCU + Peripherals/OLED_CS] of J10
    @(134.2500 mm, 118.6300 mm): PTH pad 13 [/07 Aux MCU + Peripherals/OLED_CS] of U12
[unconnected_items]: Missing connection between items
    Local override; error
    @(114.6800 mm, 143.7700 mm): PTH pad 4 [/07 Aux MCU + Peripherals/SPI_MOSI] of J10
    @(134.2500 mm, 116.0900 mm): PTH pad 14 [/07 Aux MCU + Peripherals/SPI_MOSI] of U12
[unconnected_items]: Missing connection between items
    Local override; error
    @(114.6800 mm, 138.6900 mm): PTH pad 6 [/07 Aux MCU + Peripherals/OLED_DC] of J10
    @(134.2500 mm, 121.1700 mm): PTH pad 12 [/07 Aux MCU + Peripherals/OLED_DC] of U12
[unconnected_items]: Missing connection between items
    Local override; error
    @(114.6800 mm, 146.3100 mm): PTH pad 3 [/07 Aux MCU + Peripherals/SPI_SCK] of J10
    @(119.0100 mm, 113.5500 mm): PTH pad 16 [/07 Aux MCU + Peripherals/SPI_SCK] of U12
[unconnected_items]: Missing connection between items
    Local override; error
    @(114.6800 mm, 136.1500 mm): PTH pad 7 [/07 Aux MCU + Peripherals/OLED_RST] of J10
    @(134.2500 mm, 123.7100 mm): PTH pad 11 [/07 Aux MCU + Peripherals/OLED_RST] of U12
[unconnected_items]: Missing connection between items
    Local override; error
    @(113.5000 mm, 130.4700 mm): PTH pad 1 [V5_AUX] of J11
    @(119.0100 mm, 141.4900 mm): PTH pad 27 [V5_AUX] of U12
[unconnected_items]: Missing connection between items
    Local override; error
    @(119.0100 mm, 141.4900 mm): PTH pad 27 [V5_AUX] of U12
    @(148.7950 mm, 149.3650 mm): PTH pad 1 [V5_AUX] of U6
[unconnected_items]: Missing connection between items
    Local override; error
    @(128.5250 mm, 98.3000 mm): PTH pad 2 [V5_AUX] of J20
    @(113.5000 mm, 130.4700 mm): PTH pad 1 [V5_AUX] of J11
[unconnected_items]: Missing connection between items
    Local override; error
    @(131.0650 mm, 98.3000 mm): PTH pad 1 [V5_AUX] of J20
    @(128.5250 mm, 98.3000 mm): PTH pad 2 [V5_AUX] of J20
[unconnected_items]: Missing connection between items
    Local override; error
    @(108.5000 mm, 130.4700 mm): PTH pad 3 [/07 Aux MCU + Peripherals/LED_DATA] of J11
    @(134.2500 mm, 128.7900 mm): PTH pad 9 [/07 Aux MCU + Peripherals/LED_DATA] of U12
[unconnected_items]: Missing connection between items
    Local override; error
    @(128.5250 mm, 90.6800 mm): PTH pad 8 [I2C_SCL] of J20
    @(148.7950 mm, 131.5850 mm): PTH pad 8 [I2C_SCL] of U6
[unconnected_items]: Missing connection between items
    Local override; error
    @(140.0550 mm, 147.1650 mm): Pad 10 [+3V3] of U7 on F.Cu
    @(131.0650 mm, 93.2200 mm): PTH pad 5 [+3V3] of J20
[unconnected_items]: Missing connection between items
    Local override; error
    @(140.0550 mm, 150.9750 mm): Pad 13 [+3V3] of U7 on F.Cu
    @(140.0550 mm, 147.1650 mm): Pad 10 [+3V3] of U7 on F.Cu
[unconnected_items]: Missing connection between items
    Local override; error
    @(140.0550 mm, 152.2450 mm): Pad 14 [+3V3] of U7 on F.Cu
    @(140.0550 mm, 150.9750 mm): Pad 13 [+3V3] of U7 on F.Cu
[unconnected_items]: Missing connection between items
    Local override; error
    @(131.0650 mm, 90.6800 mm): PTH pad 7 [I2C_SDA] of J20
    @(148.7950 mm, 129.0450 mm): PTH pad 7 [I2C_SDA] of U6
[unconnected_items]: Missing connection between items
    Local override; error
    @(131.0650 mm, 88.1400 mm): PTH pad 9 [BATT_LOW] of J20
    @(164.0350 mm, 136.6650 mm): PTH pad 9 [BATT_LOW] of U6
[unconnected_items]: Missing connection between items
    Local override; error
    @(144.4600 mm, 138.5000 mm): PTH pad 2 [BUS_SIGNAL] of JP1
    @(111.1950 mm, 100.6600 mm): Pad 1 [BUS_SIGNAL] of R1 on F.Cu
[unconnected_items]: Missing connection between items
    Local override; error
    @(145.0050 mm, 147.1650 mm): Pad 5 [BUS_SIGNAL] of U7 on F.Cu
    @(144.4600 mm, 138.5000 mm): PTH pad 2 [BUS_SIGNAL] of JP1
[unconnected_items]: Missing connection between items
    Local override; error
    @(144.4600 mm, 135.9600 mm): PTH pad 3 [/04 Bus Master (Pattern B)/MASTER_B] of JP1
    @(145.0050 mm, 149.7050 mm): Pad 3 [/04 Bus Master (Pattern B)/MASTER_B] of U7 on F.Cu
[unconnected_items]: Missing connection between items
    Local override; error
    @(145.0050 mm, 148.4350 mm): Pad 4 [/04 Bus Master (Pattern B)/OE_RX] of U7 on F.Cu
    @(164.0350 mm, 139.2050 mm): PTH pad 6 [/04 Bus Master (Pattern B)/OE_RX] of U6
[unconnected_items]: Missing connection between items
    Local override; error
    @(145.0050 mm, 145.8950 mm): Pad 6 [/04 Bus Master (Pattern B)/TEENSY_RX] of U7 on F.Cu
    @(164.0350 mm, 146.8250 mm): PTH pad 4 [/04 Bus Master (Pattern B)/TEENSY_RX] of U6
[unconnected_items]: Missing connection between items
    Local override; error
    @(145.0050 mm, 150.9750 mm): Pad 2 [/04 Bus Master (Pattern B)/TEENSY_TX] of U7 on F.Cu
    @(164.0350 mm, 144.2850 mm): PTH pad 3 [/04 Bus Master (Pattern B)/TEENSY_TX] of U6
[unconnected_items]: Missing connection between items
    Local override; error
    @(145.0050 mm, 152.2450 mm): Pad 1 [/04 Bus Master (Pattern B)/OE_TX] of U7 on F.Cu
    @(164.0350 mm, 141.7450 mm): PTH pad 5 [/04 Bus Master (Pattern B)/OE_TX] of U6

** Found 0 Footprint errors **

** End of Report **
